../../../bin/rv-monitor -c ere_test.rvm
running
__RVC_Foo_Monitor.c and __RVC_Foo_Monitor.h have been generated
../../../bin/rv-monitor -c ltl_test.rvm
running
__RVC_Foo_Monitor.c and __RVC_Foo_Monitor.h have been generated
../../../bin/rv-monitor -c ptltl_test.rvm
running
__RVC_Foo_Monitor.c and __RVC_Foo_Monitor.h have been generated
